<?php return array (
  0 => 'Symfony\\Bundle\\FrameworkBundle\\Controller\\Controller',
  1 => 'AppBundle\\Controller\\DefaultController',
  2 => 'Doctrine\\Bundle\\DoctrineBundle\\Controller\\ProfilerController',
  3 => 'Doctrine\\ORM\\Cache\\Persister\\Entity\\AbstractEntityPersister',
  4 => 'Doctrine\\ORM\\Cache\\Persister\\Entity\\CachedEntityPersister',
  5 => 'Doctrine\\ORM\\Cache\\Persister\\Entity\\NonStrictReadWriteCachedEntityPersister',
  6 => 'Doctrine\\ORM\\Cache\\Persister\\Entity\\ReadOnlyCachedEntityPersister',
  7 => 'Doctrine\\ORM\\Cache\\Persister\\Entity\\ReadWriteCachedEntityPersister',
  8 => 'Doctrine\\ORM\\Persisters\\Entity\\AbstractEntityInheritancePersister',
  9 => 'Doctrine\\ORM\\Persisters\\Entity\\BasicEntityPersister',
  10 => 'Doctrine\\ORM\\Persisters\\Entity\\CachedPersisterContext',
  11 => 'Doctrine\\ORM\\Persisters\\Entity\\EntityPersister',
  12 => 'Doctrine\\ORM\\Persisters\\Entity\\JoinedSubclassPersister',
  13 => 'Doctrine\\ORM\\Persisters\\Entity\\SingleTablePersister',
  14 => 'OC\\CoreBundle\\Controller\\CoreController',
  15 => 'OC\\PlatformBundle\\Controller\\AdvertController',
  16 => 'OC\\PlatformBundle\\Entity\\Advert',
  17 => 'Symfony\\Bundle\\FrameworkBundle\\Controller\\AbstractController',
  19 => 'Symfony\\Bundle\\FrameworkBundle\\Controller\\ControllerNameParser',
  20 => 'Symfony\\Bundle\\FrameworkBundle\\Controller\\ControllerResolver',
  21 => 'Symfony\\Bundle\\FrameworkBundle\\Controller\\ControllerTrait',
  22 => 'Symfony\\Bundle\\FrameworkBundle\\Controller\\RedirectController',
  23 => 'Symfony\\Bundle\\FrameworkBundle\\Controller\\TemplateController',
  24 => 'Symfony\\Bundle\\TwigBundle\\Controller\\ExceptionController',
  25 => 'Symfony\\Bundle\\TwigBundle\\Controller\\PreviewErrorController',
  26 => 'Symfony\\Bundle\\WebProfilerBundle\\Controller\\ExceptionController',
  27 => 'Symfony\\Bundle\\WebProfilerBundle\\Controller\\ProfilerController',
  28 => 'Symfony\\Bundle\\WebProfilerBundle\\Controller\\RouterController',
  29 => 'Symfony\\Component\\HttpKernel\\Controller\\ArgumentResolver',
  30 => 'Symfony\\Component\\HttpKernel\\Controller\\ArgumentResolverInterface',
  31 => 'Symfony\\Component\\HttpKernel\\Controller\\ArgumentResolver\\DefaultValueResolver',
  32 => 'Symfony\\Component\\HttpKernel\\Controller\\ArgumentResolver\\RequestAttributeValueResolver',
  33 => 'Symfony\\Component\\HttpKernel\\Controller\\ArgumentResolver\\RequestValueResolver',
  34 => 'Symfony\\Component\\HttpKernel\\Controller\\ArgumentResolver\\ServiceValueResolver',
  35 => 'Symfony\\Component\\HttpKernel\\Controller\\ArgumentResolver\\SessionValueResolver',
  36 => 'Symfony\\Component\\HttpKernel\\Controller\\ArgumentResolver\\VariadicValueResolver',
  37 => 'Symfony\\Component\\HttpKernel\\Controller\\ArgumentValueResolverInterface',
  38 => 'Symfony\\Component\\HttpKernel\\Controller\\ContainerControllerResolver',
  39 => 'Symfony\\Component\\HttpKernel\\Controller\\ControllerReference',
  40 => 'Symfony\\Component\\HttpKernel\\Controller\\ControllerResolver',
  41 => 'Symfony\\Component\\HttpKernel\\Controller\\ControllerResolverInterface',
  42 => 'Symfony\\Component\\HttpKernel\\Controller\\TraceableArgumentResolver',
  43 => 'Symfony\\Component\\HttpKernel\\Controller\\TraceableControllerResolver',
);